[0727/191110.247:WARNING:content\browser\btm\btm_database.cc:128] Failed to initialize the DIPS SQLite database.
[0727/191110.250:ERROR:net\disk_cache\cache_util_win.cc:25] Unable to move the cache: Access is denied. (0x5)
[0727/191110.250:ERROR:net\disk_cache\cache_util_win.cc:25] Unable to move the cache: Access is denied. (0x5)
[0727/191110.250:ERROR:net\disk_cache\cache_util_win.cc:25] Unable to move the cache: Access is denied. (0x5)
[0727/191110.250:ERROR:net\disk_cache\disk_cache.cc:284] Unable to create cache
[0727/191110.250:ERROR:gpu\ipc\host\gpu_disk_cache.cc:737] Gpu Cache Creation failed: -2
[0727/191110.250:ERROR:net\disk_cache\disk_cache.cc:284] Unable to create cache
[0727/191110.250:ERROR:gpu\ipc\host\gpu_disk_cache.cc:737] Gpu Cache Creation failed: -2
[0727/191110.250:ERROR:net\disk_cache\disk_cache.cc:284] Unable to create cache
[0727/191110.250:ERROR:gpu\ipc\host\gpu_disk_cache.cc:737] Gpu Cache Creation failed: -2
[0727/191110.324:ERROR:net\disk_cache\cache_util_win.cc:25] Unable to move the cache: Access is denied. (0x5)
[0727/191110.324:ERROR:net\disk_cache\cache_util_win.cc:25] Unable to move the cache: Access is denied. (0x5)
[0727/191110.324:ERROR:net\disk_cache\cache_util_win.cc:25] Unable to move the cache: Access is denied. (0x5)
[0727/191110.324:ERROR:net\disk_cache\disk_cache.cc:284] Unable to create cache
[0727/191110.324:ERROR:gpu\ipc\host\gpu_disk_cache.cc:737] Gpu Cache Creation failed: -2
[0727/191110.324:ERROR:net\disk_cache\disk_cache.cc:284] Unable to create cache
[0727/191110.324:ERROR:gpu\ipc\host\gpu_disk_cache.cc:737] Gpu Cache Creation failed: -2
[0727/191110.324:ERROR:net\disk_cache\disk_cache.cc:284] Unable to create cache
[0727/191110.324:ERROR:gpu\ipc\host\gpu_disk_cache.cc:737] Gpu Cache Creation failed: -2
[0727/191111.938:INFO:CONSOLE:6] "Uncaught TypeError: e.isPlainObject is not a function", source: http://lighthouse2.maxim-ic.com/chrono/sites/all/themes/custom/basic2/jquery-ui/jquery-ui-1.9.2.custom.min.js?6 (6)
[0727/191111.938:INFO:CONSOLE:21] "JQMIGRATE: Logging is active", source: http://lighthouse2.maxim-ic.com/chrono/sites/all/themes/custom/basic2/js/jquery.migrate.js?6 (21)
[0727/191111.939:INFO:CONSOLE:85] "Uncaught TypeError: Cannot read properties of undefined (reading 'value')", source: http://lighthouse2.maxim-ic.com/chrono/sites/all/themes/custom/basic2/js/jquery.migrate.js?6 (85)
[0727/191112.263:WARNING:components\leveldb_proto\internal\leveldb_database.cc:102] Unable to open C:\Users\TEMP\Desktop\Attendance\Attendance\.chrono_profile\Default\shared_proto_db\metadata: IO error: C:\Users\TEMP\Desktop\Attendance\Attendance\.chrono_profile\Default\shared_proto_db\metadata/LOCK: Access denied. (ChromeMethodBFE: 15::LockFile::5)
[0727/191114.290:WARNING:components\leveldb_proto\internal\leveldb_database.cc:102] Unable to open C:\Users\TEMP\Desktop\Attendance\Attendance\.chrono_profile\Default\shared_proto_db\metadata: IO error: C:\Users\TEMP\Desktop\Attendance\Attendance\.chrono_profile\Default\shared_proto_db\metadata/LOCK: Access denied. (ChromeMethodBFE: 15::LockFile::5)
[0727/191116.315:WARNING:components\leveldb_proto\internal\leveldb_database.cc:102] Unable to open C:\Users\TEMP\Desktop\Attendance\Attendance\.chrono_profile\Default\shared_proto_db\metadata: IO error: C:\Users\TEMP\Desktop\Attendance\Attendance\.chrono_profile\Default\shared_proto_db\metadata/LOCK: Access denied. (ChromeMethodBFE: 15::LockFile::5)
[0727/191118.332:WARNING:components\leveldb_proto\internal\leveldb_database.cc:102] Unable to open C:\Users\TEMP\Desktop\Attendance\Attendance\.chrono_profile\Default\shared_proto_db\metadata: IO error: C:\Users\TEMP\Desktop\Attendance\Attendance\.chrono_profile\Default\shared_proto_db\metadata/LOCK: Access denied. (ChromeMethodBFE: 15::LockFile::5)
